mex.1	Tigres UANL	Guadalajara
mex.1	Atlas	Cruz Azul
arg.1	Gimnasia (Mendoza)	Defensa y Justicia
arg.1	Vélez Sarsfield	Newell's Old Boys
arg.1	Estudiantes de Río Cuarto	Instituto (Córdoba)
ger.2	Kaiserslautern	Arminia Bielefeld
ita.2	Catanzaro	Bari
ita.2	Frosinone	Mantova
ita.2	Monza	Empoli
ita.2	Pescara	Spezia
ita.2	Reggiana	Sampdoria
ita.2	Virtus Entella	Carrarese
ger.2	VfL Bochum	Hannover 96
sco.1	Aberdeen	Dundee United
sco.1	Dundee	Livingston
sco.1	Falkirk	Hibernian
sco.1	St Mirren	Kilmarnock
fra.2	Annecy	Rodez Aveyron
fra.2	AS Nancy Lorraine	Dunkerque
fra.2	Bastia	Le Mans
fra.2	Clermont Foot	Guingamp
fra.2	Grenoble	Troyes
fra.2	Red Star FC 93	Montpellier
ger.2	1. FC Nürnberg	Schalke 04
usa.1	Chicago Fire FC	Red Bull New York
sco.1	Motherwell	Heart of Midlothian
usa.1	CF Montréal	Orlando City SC
usa.1	Atlanta United FC	LA Galaxy
usa.1	Charlotte FC	FC Cincinnati
usa.1	FC Dallas	Real Salt Lake
mex.1	Guadalajara	Tigres UANL
usa.1	Nashville SC	D.C. United
usa.1	Colorado Rapids	St. Louis CITY SC
usa.1	Portland Timbers	Sporting Kansas City
usa.1	San Jose Earthquakes	Vancouver Whitecaps
usa.1	Seattle Sounders FC	San Diego FC
mex.1	Cruz Azul	Atlas
ger.2	Preußen Münster	SV Darmstadt 98
usa.1	New York City FC	Columbus Crew
mex.1	Pachuca	Toluca
usa.1	Minnesota United FC	Austin FC
mex.1	Pumas UNAM	América
